// Jest Snapshot v1, https://goo.gl/fbAQLP

exports[`<Base /> should render base template with logo and footer 1`] = `
.c5 {
  color: #000000;
  font-size: 1.6rem;
  font-family: Inter,-apple-system,BlinkMacSystemFont,'Segoe UI',Roboto,Oxygen,Ubuntu,Cantarell,'Open Sans','Helvetica Neue',sans-serif;
  font-weight: 400;
  line-height: 2.4rem;
  margin: 0;
}

.c0 {
  display: grid;
  grid-template-columns: auto;
  grid-template-rows: auto 1fr auto;
  grid-template-areas: 'header' 'main' 'footer';
  height: 100%;
}

.c1 {
  grid-area: header;
  display: -webkit-box;
  display: -webkit-flex;
  display: -ms-flexbox;
  display: flex;
  -webkit-box-pack: center;
  -webkit-justify-content: center;
  -ms-flex-pack: center;
  justify-content: center;
  border-bottom: 1px solid rgba(0,0,0,0.12);
  padding: 5px 0;
}

.c2 {
  width: 10rem;
  height: 3.2rem;
}

.c3 {
  grid-area: main;
  max-width: 960px;
  margin-right: auto;
  margin-left: auto;
  padding-right: 10px;
  padding-left: 10px;
}

.c4 {
  grid-area: footer;
  display: -webkit-box;
  display: -webkit-flex;
  display: -ms-flexbox;
  display: flex;
  -webkit-box-pack: center;
  -webkit-justify-content: center;
  -ms-flex-pack: center;
  justify-content: center;
  -webkit-align-items: center;
  -webkit-box-align: center;
  -ms-flex-align: center;
  align-items: center;
  padding: 5px 0;
}

@media (max-width:768px) {
  .c5 {
    font-size: 1.4rem;
  }
}

<div
  class="c0"
>
  <nav
    class="c1"
  >
    <img
      alt="Imagem de logo da Zapt"
      class="c2"
      src="/img/logo.svg"
    />
  </nav>
  <main
    class="c3"
  >
    <h1>
      Content
    </h1>
  </main>
  <footer
    class="c4"
  >
    <p
      class="c5"
    >
      Desafio Frontend Zapt üßë‚Äçüíª
    </p>
  </footer>
</div>
`
